  CppCLR_WinFormsProject.cpp
C:\Users\qw0971\OneDrive - Loughborough University\c++\ProjectSem2\Work\Work\Classes.h(65,113): warning C4244: 'initializing': conversion from 'double' to 'float', possible loss of data
C:\Users\qw0971\OneDrive - Loughborough University\c++\ProjectSem2\Work\Work\Classes.h(120,16): warning C4244: '=': conversion from 'double' to 'float', possible loss of data
C:\Users\qw0971\OneDrive - Loughborough University\c++\ProjectSem2\Work\Work\Classes.h(133,60): warning C4244: 'argument': conversion from 'double' to 'float', possible loss of data
C:\Users\qw0971\OneDrive - Loughborough University\c++\ProjectSem2\Work\Work\Classes.h(133,35): warning C4244: 'argument': conversion from 'double' to 'float', possible loss of data
C:\Users\qw0971\OneDrive - Loughborough University\c++\ProjectSem2\Work\Work\Classes.h(140,65): warning C4244: 'argument': conversion from 'double' to 'float', possible loss of data
C:\Users\qw0971\OneDrive - Loughborough University\c++\ProjectSem2\Work\Work\Classes.h(140,38): warning C4244: 'argument': conversion from 'double' to 'float', possible loss of data
C:\Users\qw0971\OneDrive - Loughborough University\c++\ProjectSem2\Work\Work\Classes.h(194,50): warning C4244: 'argument': conversion from '_Ty' to 'int', possible loss of data
C:\Users\qw0971\OneDrive - Loughborough University\c++\ProjectSem2\Work\Work\Classes.h(194,50): warning C4244:         with
C:\Users\qw0971\OneDrive - Loughborough University\c++\ProjectSem2\Work\Work\Classes.h(194,50): warning C4244:         [
C:\Users\qw0971\OneDrive - Loughborough University\c++\ProjectSem2\Work\Work\Classes.h(194,50): warning C4244:             _Ty=double
C:\Users\qw0971\OneDrive - Loughborough University\c++\ProjectSem2\Work\Work\Classes.h(194,50): warning C4244:         ]
C:\Users\qw0971\OneDrive - Loughborough University\c++\ProjectSem2\Work\Work\Classes.h(194,38): warning C4244: 'argument': conversion from '_Ty' to 'int', possible loss of data
C:\Users\qw0971\OneDrive - Loughborough University\c++\ProjectSem2\Work\Work\Classes.h(194,38): warning C4244:         with
C:\Users\qw0971\OneDrive - Loughborough University\c++\ProjectSem2\Work\Work\Classes.h(194,38): warning C4244:         [
C:\Users\qw0971\OneDrive - Loughborough University\c++\ProjectSem2\Work\Work\Classes.h(194,38): warning C4244:             _Ty=double
C:\Users\qw0971\OneDrive - Loughborough University\c++\ProjectSem2\Work\Work\Classes.h(194,38): warning C4244:         ]
C:\Users\qw0971\OneDrive - Loughborough University\c++\ProjectSem2\Work\Work\ArrowThings.h(10,9): warning C4244: 'return': conversion from 'double' to 'int', possible loss of data
C:\Users\qw0971\OneDrive - Loughborough University\c++\ProjectSem2\Work\Work\inducedMagField.h(31,12): warning C4244: 'initializing': conversion from 'double' to 'float', possible loss of data
C:\Users\qw0971\OneDrive - Loughborough University\c++\ProjectSem2\Work\Work\inducedMagField.h(32,12): warning C4244: 'initializing': conversion from 'double' to 'float', possible loss of data
C:\Users\qw0971\OneDrive - Loughborough University\c++\ProjectSem2\Work\Work\inducedMagField.h(33,12): warning C4244: 'initializing': conversion from 'double' to 'float', possible loss of data
C:\Users\qw0971\OneDrive - Loughborough University\c++\ProjectSem2\Work\Work\inducedMagField.h(34,12): warning C4244: 'initializing': conversion from 'double' to 'float', possible loss of data
C:\Users\qw0971\OneDrive - Loughborough University\c++\ProjectSem2\Work\Work\inducedMagField.h(45,107): warning C4244: 'argument': conversion from 'double' to 'float', possible loss of data
C:\Users\qw0971\OneDrive - Loughborough University\c++\ProjectSem2\Work\Work\inducedMagField.h(45,97): warning C4244: 'argument': conversion from 'double' to 'float', possible loss of data
C:\Users\qw0971\OneDrive - Loughborough University\c++\ProjectSem2\Work\Work\inducedMagField.h(86,11): warning C4244: 'initializing': conversion from 'double' to 'float', possible loss of data
C:\Users\qw0971\OneDrive - Loughborough University\c++\ProjectSem2\Work\Work\inducedMagField.h(87,11): warning C4244: 'initializing': conversion from 'double' to 'float', possible loss of data
C:\Users\qw0971\OneDrive - Loughborough University\c++\ProjectSem2\Work\Work\inducedMagField.h(88,11): warning C4244: 'initializing': conversion from 'double' to 'float', possible loss of data
C:\Users\qw0971\OneDrive - Loughborough University\c++\ProjectSem2\Work\Work\inducedMagField.h(89,11): warning C4244: 'initializing': conversion from 'double' to 'float', possible loss of data
C:\Users\qw0971\OneDrive - Loughborough University\c++\ProjectSem2\Work\Work\inducedMagField.h(102,29): warning C4244: 'argument': conversion from 'double' to 'float', possible loss of data
C:\Users\qw0971\OneDrive - Loughborough University\c++\ProjectSem2\Work\Work\EFieldGrid.h(23,18): warning C4244: 'initializing': conversion from 'int' to 'float', possible loss of data
C:\Users\qw0971\OneDrive - Loughborough University\c++\ProjectSem2\Work\Work\EFieldGrid.h(24,18): warning C4244: 'initializing': conversion from 'int' to 'float', possible loss of data
C:\Users\qw0971\OneDrive - Loughborough University\c++\ProjectSem2\Work\Work\ElineField.h(13,36): warning C4244: 'return': conversion from 'double' to 'float', possible loss of data
C:\Users\qw0971\OneDrive - Loughborough University\c++\ProjectSem2\Work\Work\ElineField.h(15,36): warning C4244: 'return': conversion from 'double' to 'float', possible loss of data
C:\Users\qw0971\OneDrive - Loughborough University\c++\ProjectSem2\Work\Work\ElineField.h(18,36): warning C4244: 'return': conversion from 'double' to 'float', possible loss of data
C:\Users\qw0971\OneDrive - Loughborough University\c++\ProjectSem2\Work\Work\ElineField.h(20,36): warning C4244: 'return': conversion from 'double' to 'float', possible loss of data
C:\Users\qw0971\OneDrive - Loughborough University\c++\ProjectSem2\Work\Work\ElineField.h(32,40): warning C4244: '=': conversion from 'double' to 'float', possible loss of data
C:\Users\qw0971\OneDrive - Loughborough University\c++\ProjectSem2\Work\Work\ElineField.h(36,18): warning C4244: '=': conversion from 'double' to 'float', possible loss of data
C:\Users\qw0971\OneDrive - Loughborough University\c++\ProjectSem2\Work\Work\ElineField.h(46,13): warning C4305: 'initializing': truncation from 'double' to 'float'
C:\Users\qw0971\OneDrive - Loughborough University\c++\ProjectSem2\Work\Work\ElineField.h(48,16): warning C4244: 'initializing': conversion from 'double' to 'float', possible loss of data
C:\Users\qw0971\OneDrive - Loughborough University\c++\ProjectSem2\Work\Work\ElineField.h(54,13): warning C4305: 'initializing': truncation from 'double' to 'float'
C:\Users\qw0971\OneDrive - Loughborough University\c++\ProjectSem2\Work\Work\ElineField.h(56,16): warning C4244: 'initializing': conversion from 'double' to 'float', possible loss of data
C:\Users\qw0971\OneDrive - Loughborough University\c++\ProjectSem2\Work\Work\ElineField.h(64,18): warning C4244: 'initializing': conversion from 'double' to 'float', possible loss of data
C:\Users\qw0971\OneDrive - Loughborough University\c++\ProjectSem2\Work\Work\ElineField.h(72,16): warning C4244: 'initializing': conversion from 'double' to 'float', possible loss of data
C:\Users\qw0971\OneDrive - Loughborough University\c++\ProjectSem2\Work\Work\ElineField.h(86,13): warning C4305: 'initializing': truncation from 'double' to 'float'
C:\Users\qw0971\OneDrive - Loughborough University\c++\ProjectSem2\Work\Work\ElineField.h(87,16): warning C4244: 'initializing': conversion from 'double' to 'float', possible loss of data
C:\Users\qw0971\OneDrive - Loughborough University\c++\ProjectSem2\Work\Work\ElineField.h(88,17): warning C4244: 'initializing': conversion from 'double' to 'float', possible loss of data
C:\Users\qw0971\OneDrive - Loughborough University\c++\ProjectSem2\Work\Work\ElineField.h(93,14): warning C4244: 'initializing': conversion from 'double' to 'float', possible loss of data
C:\Users\qw0971\OneDrive - Loughborough University\c++\ProjectSem2\Work\Work\ElineField.h(94,14): warning C4244: 'initializing': conversion from 'double' to 'float', possible loss of data
C:\Users\qw0971\OneDrive - Loughborough University\c++\ProjectSem2\Work\Work\ElineField.h(110,14): warning C4244: 'initializing': conversion from 'double' to 'float', possible loss of data
C:\Users\qw0971\OneDrive - Loughborough University\c++\ProjectSem2\Work\Work\ElineField.h(111,14): warning C4244: 'initializing': conversion from 'double' to 'float', possible loss of data
C:\Users\qw0971\OneDrive - Loughborough University\c++\ProjectSem2\Work\Work\ElineField.h(163,21): warning C4305: 'initializing': truncation from 'double' to 'float'
C:\Users\qw0971\OneDrive - Loughborough University\c++\ProjectSem2\Work\Work\ElineField.h(164,15): warning C4305: 'initializing': truncation from 'double' to 'float'
C:\Users\qw0971\OneDrive - Loughborough University\c++\ProjectSem2\Work\Work\ElineField.h(173,17): warning C4244: 'initializing': conversion from 'double' to 'float', possible loss of data
C:\Users\qw0971\OneDrive - Loughborough University\c++\ProjectSem2\Work\Work\ElineField.h(198,10): warning C4305: 'initializing': truncation from 'double' to 'float'
C:\Users\qw0971\OneDrive - Loughborough University\c++\ProjectSem2\Work\Work\ElineField.h(199,13): warning C4244: 'initializing': conversion from 'double' to 'float', possible loss of data
C:\Users\qw0971\OneDrive - Loughborough University\c++\ProjectSem2\Work\Work\ElineField.h(200,14): warning C4244: 'initializing': conversion from 'double' to 'float', possible loss of data
C:\Users\qw0971\OneDrive - Loughborough University\c++\ProjectSem2\Work\Work\ElineField.h(205,11): warning C4244: 'initializing': conversion from 'double' to 'float', possible loss of data
C:\Users\qw0971\OneDrive - Loughborough University\c++\ProjectSem2\Work\Work\ElineField.h(206,11): warning C4244: 'initializing': conversion from 'double' to 'float', possible loss of data
C:\Users\qw0971\OneDrive - Loughborough University\c++\ProjectSem2\Work\Work\ElineField.h(212,10): warning C4305: 'initializing': truncation from 'double' to 'float'
C:\Users\qw0971\OneDrive - Loughborough University\c++\ProjectSem2\Work\Work\ElineField.h(214,13): warning C4244: 'initializing': conversion from 'double' to 'float', possible loss of data
C:\Users\qw0971\OneDrive - Loughborough University\c++\ProjectSem2\Work\Work\ElineField.h(262,12): warning C4244: 'initializing': conversion from 'double' to 'int', possible loss of data
C:\Users\qw0971\OneDrive - Loughborough University\c++\ProjectSem2\Work\Work\ElineField.h(274,12): warning C4244: 'initializing': conversion from 'double' to 'float', possible loss of data
C:\Users\qw0971\OneDrive - Loughborough University\c++\ProjectSem2\Work\Work\ElineField.h(340,12): warning C4244: 'initializing': conversion from 'double' to 'float', possible loss of data
C:\Users\qw0971\OneDrive - Loughborough University\c++\ProjectSem2\Work\Work\ElineField.h(323,16): warning C4101: 'rd': unreferenced local variable
C:\Users\qw0971\OneDrive - Loughborough University\c++\ProjectSem2\Work\Work\ElineField.h(378,13): warning C4267: 'initializing': conversion from 'size_t' to 'int', possible loss of data
C:\Users\qw0971\OneDrive - Loughborough University\c++\ProjectSem2\Work\Work\ElineField.h(388,60): warning C4244: 'argument': conversion from 'double' to 'float', possible loss of data
C:\Users\qw0971\OneDrive - Loughborough University\c++\ProjectSem2\Work\Work\ElineField.h(388,42): warning C4244: 'argument': conversion from 'double' to 'float', possible loss of data
C:\Users\qw0971\OneDrive - Loughborough University\c++\ProjectSem2\Work\Work\ElineField.h(388,28): warning C4244: 'argument': conversion from 'double' to 'float', possible loss of data
C:\Users\qw0971\OneDrive - Loughborough University\c++\ProjectSem2\Work\Work\ElineField.h(411,10): warning C4305: 'initializing': truncation from 'double' to 'float'
C:\Users\qw0971\OneDrive - Loughborough University\c++\ProjectSem2\Work\Work\ElineField.h(412,13): warning C4244: 'initializing': conversion from 'double' to 'float', possible loss of data
C:\Users\qw0971\OneDrive - Loughborough University\c++\ProjectSem2\Work\Work\ElineField.h(413,14): warning C4244: 'initializing': conversion from 'double' to 'float', possible loss of data
C:\Users\qw0971\OneDrive - Loughborough University\c++\ProjectSem2\Work\Work\ElineField.h(417,11): warning C4244: 'initializing': conversion from 'double' to 'float', possible loss of data
C:\Users\qw0971\OneDrive - Loughborough University\c++\ProjectSem2\Work\Work\ElineField.h(418,11): warning C4244: 'initializing': conversion from 'double' to 'float', possible loss of data
C:\Users\qw0971\OneDrive - Loughborough University\c++\ProjectSem2\Work\Work\ElineField.h(425,13): warning C4267: 'initializing': conversion from 'size_t' to 'int', possible loss of data
C:\Users\qw0971\OneDrive - Loughborough University\c++\ProjectSem2\Work\Work\ElineField.h(433,12): warning C4244: 'initializing': conversion from 'double' to 'float', possible loss of data
C:\Users\qw0971\OneDrive - Loughborough University\c++\ProjectSem2\Work\Work\ElineField.h(434,12): warning C4244: 'initializing': conversion from 'double' to 'float', possible loss of data
C:\Users\qw0971\OneDrive - Loughborough University\c++\ProjectSem2\Work\Work\ElineField.h(435,13): warning C4244: 'initializing': conversion from 'double' to 'float', possible loss of data
C:\Users\qw0971\OneDrive - Loughborough University\c++\ProjectSem2\Work\Work\ElineField.h(436,13): warning C4244: 'initializing': conversion from 'double' to 'float', possible loss of data
C:\Users\qw0971\OneDrive - Loughborough University\c++\ProjectSem2\Work\Work\ElineField.h(439,27): warning C4305: '=': truncation from 'double' to 'float'
C:\Users\qw0971\OneDrive - Loughborough University\c++\ProjectSem2\Work\Work\ElineField.h(441,29): warning C4305: '=': truncation from 'double' to 'float'
C:\Users\qw0971\OneDrive - Loughborough University\c++\ProjectSem2\Work\Work\ElineField.h(449,60): warning C4244: 'argument': conversion from 'double' to 'float', possible loss of data
C:\Users\qw0971\OneDrive - Loughborough University\c++\ProjectSem2\Work\Work\ElineField.h(449,42): warning C4244: 'argument': conversion from 'double' to 'float', possible loss of data
C:\Users\qw0971\OneDrive - Loughborough University\c++\ProjectSem2\Work\Work\ElineField.h(449,28): warning C4244: 'argument': conversion from 'double' to 'float', possible loss of data
C:\Users\qw0971\OneDrive - Loughborough University\c++\ProjectSem2\Work\Work\ElineField.h(457,58): warning C4244: 'argument': conversion from 'double' to 'float', possible loss of data
C:\Users\qw0971\OneDrive - Loughborough University\c++\ProjectSem2\Work\Work\ElineField.h(457,42): warning C4244: 'argument': conversion from 'double' to 'float', possible loss of data
C:\Users\qw0971\OneDrive - Loughborough University\c++\ProjectSem2\Work\Work\ElineField.h(457,28): warning C4244: 'argument': conversion from 'double' to 'float', possible loss of data
C:\Users\qw0971\OneDrive - Loughborough University\c++\ProjectSem2\Work\Work\ElineField.h(469,67): warning C4244: 'argument': conversion from 'double' to 'float', possible loss of data
C:\Users\qw0971\OneDrive - Loughborough University\c++\ProjectSem2\Work\Work\ElineField.h(469,46): warning C4244: 'argument': conversion from 'double' to 'float', possible loss of data
C:\Users\qw0971\OneDrive - Loughborough University\c++\ProjectSem2\Work\Work\ElineField.h(469,30): warning C4244: 'argument': conversion from 'double' to 'float', possible loss of data
C:\Users\qw0971\OneDrive - Loughborough University\c++\ProjectSem2\Work\Work\ElineField.h(689,16): warning C4244: 'initializing': conversion from 'double' to 'float', possible loss of data
C:\Users\qw0971\OneDrive - Loughborough University\c++\ProjectSem2\Work\Work\ElineField.h(690,29): warning C4305: '=': truncation from 'double' to 'float'
C:\Users\qw0971\OneDrive - Loughborough University\c++\ProjectSem2\Work\Work\ElineField.h(713,16): warning C4244: 'initializing': conversion from 'double' to 'float', possible loss of data
C:\Users\qw0971\OneDrive - Loughborough University\c++\ProjectSem2\Work\Work\ElineField.h(714,29): warning C4305: '=': truncation from 'double' to 'float'
C:\Users\qw0971\OneDrive - Loughborough University\c++\ProjectSem2\Work\Work\ElineField.h(736,16): warning C4244: 'initializing': conversion from 'double' to 'float', possible loss of data
C:\Users\qw0971\OneDrive - Loughborough University\c++\ProjectSem2\Work\Work\ElineField.h(737,29): warning C4305: '=': truncation from 'double' to 'float'
C:\Users\qw0971\OneDrive - Loughborough University\c++\ProjectSem2\Work\Work\ElineField.h(759,16): warning C4244: 'initializing': conversion from 'double' to 'float', possible loss of data
C:\Users\qw0971\OneDrive - Loughborough University\c++\ProjectSem2\Work\Work\ElineField.h(760,29): warning C4305: '=': truncation from 'double' to 'float'
C:\Users\qw0971\OneDrive - Loughborough University\c++\ProjectSem2\Work\Work\ElineField.h(784,16): warning C4244: 'initializing': conversion from 'double' to 'float', possible loss of data
C:\Users\qw0971\OneDrive - Loughborough University\c++\ProjectSem2\Work\Work\ElineField.h(785,29): warning C4305: '=': truncation from 'double' to 'float'
C:\Users\qw0971\OneDrive - Loughborough University\c++\ProjectSem2\Work\Work\ElineField.h(840,14): warning C4244: 'initializing': conversion from 'double' to 'float', possible loss of data
C:\Users\qw0971\OneDrive - Loughborough University\c++\ProjectSem2\Work\Work\ElineField.h(841,27): warning C4305: '=': truncation from 'double' to 'float'
C:\Users\qw0971\OneDrive - Loughborough University\c++\ProjectSem2\Work\Work\ElineField.h(810,16): warning C4101: 'rd': unreferenced local variable
C:\Users\qw0971\OneDrive - Loughborough University\c++\ProjectSem2\Work\Work\Form1.h(101,33): warning C4244: 'argument': conversion from 'double' to 'int', possible loss of data
C:\Users\qw0971\OneDrive - Loughborough University\c++\ProjectSem2\Work\Work\Form1.h(104,28): warning C4244: '=': conversion from 'double' to 'int', possible loss of data
C:\Users\qw0971\OneDrive - Loughborough University\c++\ProjectSem2\Work\Work\Form1.h(105,29): warning C4244: '=': conversion from 'double' to 'int', possible loss of data
C:\Users\qw0971\OneDrive - Loughborough University\c++\ProjectSem2\Work\Work\Form1.h(112,32): warning C4244: '=': conversion from 'float' to 'int', possible loss of data
C:\Users\qw0971\OneDrive - Loughborough University\c++\ProjectSem2\Work\Work\Form1.h(113,32): warning C4244: '=': conversion from 'float' to 'int', possible loss of data
C:\Users\qw0971\OneDrive - Loughborough University\c++\ProjectSem2\Work\Work\Form1.h(980,22): warning C4267: '=': conversion from 'size_t' to 'int', possible loss of data
C:\Users\qw0971\OneDrive - Loughborough University\c++\ProjectSem2\Work\Work\Form1.h(988,15): warning C4267: 'initializing': conversion from 'size_t' to 'int', possible loss of data
C:\Users\qw0971\OneDrive - Loughborough University\c++\ProjectSem2\Work\Work\Form1.h(995,42): warning C4244: 'argument': conversion from 'double' to 'float', possible loss of data
C:\Users\qw0971\OneDrive - Loughborough University\c++\ProjectSem2\Work\Work\Form1.h(995,39): warning C4244: 'argument': conversion from 'double' to 'float', possible loss of data
C:\Users\qw0971\OneDrive - Loughborough University\c++\ProjectSem2\Work\Work\Form1.h(996,47): warning C4244: 'argument': conversion from 'double' to 'float', possible loss of data
C:\Users\qw0971\OneDrive - Loughborough University\c++\ProjectSem2\Work\Work\Form1.h(996,44): warning C4244: 'argument': conversion from 'double' to 'float', possible loss of data
C:\Users\qw0971\OneDrive - Loughborough University\c++\ProjectSem2\Work\Work\Form1.h(997,49): warning C4244: 'argument': conversion from 'double' to 'float', possible loss of data
C:\Users\qw0971\OneDrive - Loughborough University\c++\ProjectSem2\Work\Work\Form1.h(997,46): warning C4244: 'argument': conversion from 'double' to 'float', possible loss of data
C:\Users\qw0971\OneDrive - Loughborough University\c++\ProjectSem2\Work\Work\Form1.h(997,126): warning C4244: 'argument': conversion from 'double' to 'float', possible loss of data
C:\Users\qw0971\OneDrive - Loughborough University\c++\ProjectSem2\Work\Work\Form1.h(997,122): warning C4244: 'argument': conversion from 'double' to 'float', possible loss of data
C:\Users\qw0971\OneDrive - Loughborough University\c++\ProjectSem2\Work\Work\Form1.h(998,49): warning C4244: 'argument': conversion from 'double' to 'int', possible loss of data
C:\Users\qw0971\OneDrive - Loughborough University\c++\ProjectSem2\Work\Work\Form1.h(998,37): warning C4244: 'argument': conversion from 'double' to 'int', possible loss of data
C:\Users\qw0971\OneDrive - Loughborough University\c++\ProjectSem2\Work\Work\Form1.h(1117,157): warning C4244: 'argument': conversion from 'double' to 'int', possible loss of data
C:\Users\qw0971\OneDrive - Loughborough University\c++\ProjectSem2\Work\Work\Form1.h(1117,127): warning C4244: 'argument': conversion from 'double' to 'int', possible loss of data
C:\Users\qw0971\OneDrive - Loughborough University\c++\ProjectSem2\Work\Work\Form1.h(1117,95): warning C4244: 'argument': conversion from 'double' to 'int', possible loss of data
C:\Users\qw0971\OneDrive - Loughborough University\c++\ProjectSem2\Work\Work\Form1.h(1118,146): warning C4244: 'argument': conversion from 'double' to 'float', possible loss of data
C:\Users\qw0971\OneDrive - Loughborough University\c++\ProjectSem2\Work\Work\Form1.h(1260,68): warning C4244: 'argument': conversion from 'double' to 'float', possible loss of data
C:\Users\qw0971\OneDrive - Loughborough University\c++\ProjectSem2\Work\Work\Form1.h(1260,57): warning C4244: 'argument': conversion from 'int' to 'float', possible loss of data
C:\Users\qw0971\OneDrive - Loughborough University\c++\ProjectSem2\Work\Work\Form1.h(1260,49): warning C4244: 'argument': conversion from 'int' to 'float', possible loss of data
C:\Users\qw0971\OneDrive - Loughborough University\c++\ProjectSem2\Work\Work\Form1.h(1324,115): warning C4267: 'argument': conversion from 'size_t' to 'int', possible loss of data
C:\Users\qw0971\OneDrive - Loughborough University\c++\ProjectSem2\Work\Work\Form1.h(1325,123): warning C4267: 'argument': conversion from 'size_t' to 'int', possible loss of data
C:\Users\qw0971\OneDrive - Loughborough University\c++\ProjectSem2\Work\Work\Form1.h(1329,118): warning C4267: 'argument': conversion from 'size_t' to 'int', possible loss of data
C:\Users\qw0971\OneDrive - Loughborough University\c++\ProjectSem2\Work\Work\Form1.h(1335,15): warning C4267: 'initializing': conversion from 'size_t' to 'int', possible loss of data
C:\Users\qw0971\OneDrive - Loughborough University\c++\ProjectSem2\Work\Work\Form1.h(1336,71): warning C4244: 'argument': conversion from 'double' to 'float', possible loss of data
C:\Users\qw0971\OneDrive - Loughborough University\c++\ProjectSem2\Work\Work\Form1.h(1336,67): warning C4244: 'argument': conversion from 'double' to 'float', possible loss of data
C:\Users\qw0971\OneDrive - Loughborough University\c++\ProjectSem2\Work\Work\Form1.h(1336,63): warning C4244: 'argument': conversion from 'double' to 'float', possible loss of data
C:\Users\qw0971\OneDrive - Loughborough University\c++\ProjectSem2\Work\Work\Form1.h(1336,45): warning C4244: 'argument': conversion from 'double' to 'float', possible loss of data
C:\Users\qw0971\OneDrive - Loughborough University\c++\ProjectSem2\Work\Work\Form1.h(1336,29): warning C4244: 'argument': conversion from 'double' to 'float', possible loss of data
C:\Users\qw0971\OneDrive - Loughborough University\c++\ProjectSem2\Work\Work\Form1.h(1343,15): warning C4267: 'initializing': conversion from 'size_t' to 'int', possible loss of data
C:\Users\qw0971\OneDrive - Loughborough University\c++\ProjectSem2\Work\Work\Form1.h(1344,78): warning C4244: 'argument': conversion from 'double' to 'float', possible loss of data
C:\Users\qw0971\OneDrive - Loughborough University\c++\ProjectSem2\Work\Work\Form1.h(1344,74): warning C4244: 'argument': conversion from 'double' to 'float', possible loss of data
C:\Users\qw0971\OneDrive - Loughborough University\c++\ProjectSem2\Work\Work\Form1.h(1344,70): warning C4244: 'argument': conversion from 'double' to 'float', possible loss of data
C:\Users\qw0971\OneDrive - Loughborough University\c++\ProjectSem2\Work\Work\Form1.h(1344,50): warning C4244: 'argument': conversion from 'double' to 'float', possible loss of data
C:\Users\qw0971\OneDrive - Loughborough University\c++\ProjectSem2\Work\Work\Form1.h(1344,32): warning C4244: 'argument': conversion from 'double' to 'float', possible loss of data
C:\Users\qw0971\OneDrive - Loughborough University\c++\ProjectSem2\Work\Work\Form1.h(1359,15): warning C4267: 'initializing': conversion from 'size_t' to 'int', possible loss of data
C:\Users\qw0971\OneDrive - Loughborough University\c++\ProjectSem2\Work\Work\Form1.h(1360,72): warning C4244: 'argument': conversion from 'double' to 'float', possible loss of data
C:\Users\qw0971\OneDrive - Loughborough University\c++\ProjectSem2\Work\Work\Form1.h(1360,68): warning C4244: 'argument': conversion from 'double' to 'float', possible loss of data
C:\Users\qw0971\OneDrive - Loughborough University\c++\ProjectSem2\Work\Work\Form1.h(1360,64): warning C4244: 'argument': conversion from 'double' to 'float', possible loss of data
C:\Users\qw0971\OneDrive - Loughborough University\c++\ProjectSem2\Work\Work\Form1.h(1360,46): warning C4244: 'argument': conversion from 'double' to 'float', possible loss of data
C:\Users\qw0971\OneDrive - Loughborough University\c++\ProjectSem2\Work\Work\Form1.h(1360,30): warning C4244: 'argument': conversion from 'double' to 'float', possible loss of data
C:\Users\qw0971\OneDrive - Loughborough University\c++\ProjectSem2\Work\Work\Form1.h(1365,15): warning C4267: 'initializing': conversion from 'size_t' to 'int', possible loss of data
C:\Users\qw0971\OneDrive - Loughborough University\c++\ProjectSem2\Work\Work\Form1.h(1366,78): warning C4244: 'argument': conversion from 'double' to 'float', possible loss of data
C:\Users\qw0971\OneDrive - Loughborough University\c++\ProjectSem2\Work\Work\Form1.h(1366,74): warning C4244: 'argument': conversion from 'double' to 'float', possible loss of data
C:\Users\qw0971\OneDrive - Loughborough University\c++\ProjectSem2\Work\Work\Form1.h(1366,70): warning C4244: 'argument': conversion from 'double' to 'float', possible loss of data
C:\Users\qw0971\OneDrive - Loughborough University\c++\ProjectSem2\Work\Work\Form1.h(1366,50): warning C4244: 'argument': conversion from 'double' to 'float', possible loss of data
C:\Users\qw0971\OneDrive - Loughborough University\c++\ProjectSem2\Work\Work\Form1.h(1366,32): warning C4244: 'argument': conversion from 'double' to 'float', possible loss of data
C:\Users\qw0971\OneDrive - Loughborough University\c++\ProjectSem2\Work\Work\Form1.h(1374,15): warning C4267: 'initializing': conversion from 'size_t' to 'int', possible loss of data
C:\Users\qw0971\OneDrive - Loughborough University\c++\ProjectSem2\Work\Work\Form1.h(1375,72): warning C4244: 'argument': conversion from 'double' to 'float', possible loss of data
C:\Users\qw0971\OneDrive - Loughborough University\c++\ProjectSem2\Work\Work\Form1.h(1375,68): warning C4244: 'argument': conversion from 'double' to 'float', possible loss of data
C:\Users\qw0971\OneDrive - Loughborough University\c++\ProjectSem2\Work\Work\Form1.h(1375,64): warning C4244: 'argument': conversion from 'double' to 'float', possible loss of data
C:\Users\qw0971\OneDrive - Loughborough University\c++\ProjectSem2\Work\Work\Form1.h(1375,46): warning C4244: 'argument': conversion from 'double' to 'float', possible loss of data
C:\Users\qw0971\OneDrive - Loughborough University\c++\ProjectSem2\Work\Work\Form1.h(1375,30): warning C4244: 'argument': conversion from 'double' to 'float', possible loss of data
C:\Users\qw0971\OneDrive - Loughborough University\c++\ProjectSem2\Work\Work\Form1.h(1383,15): warning C4267: 'initializing': conversion from 'size_t' to 'int', possible loss of data
C:\Users\qw0971\OneDrive - Loughborough University\c++\ProjectSem2\Work\Work\Form1.h(1384,78): warning C4244: 'argument': conversion from 'double' to 'float', possible loss of data
C:\Users\qw0971\OneDrive - Loughborough University\c++\ProjectSem2\Work\Work\Form1.h(1384,74): warning C4244: 'argument': conversion from 'double' to 'float', possible loss of data
C:\Users\qw0971\OneDrive - Loughborough University\c++\ProjectSem2\Work\Work\Form1.h(1384,70): warning C4244: 'argument': conversion from 'double' to 'float', possible loss of data
C:\Users\qw0971\OneDrive - Loughborough University\c++\ProjectSem2\Work\Work\Form1.h(1384,50): warning C4244: 'argument': conversion from 'double' to 'float', possible loss of data
C:\Users\qw0971\OneDrive - Loughborough University\c++\ProjectSem2\Work\Work\Form1.h(1384,32): warning C4244: 'argument': conversion from 'double' to 'float', possible loss of data
C:\Users\qw0971\OneDrive - Loughborough University\c++\ProjectSem2\Work\Work\Form1.h(1392,104): warning C4244: 'argument': conversion from 'double' to 'float', possible loss of data
C:\Users\qw0971\OneDrive - Loughborough University\c++\ProjectSem2\Work\Work\Form1.h(1392,100): warning C4244: 'argument': conversion from 'double' to 'float', possible loss of data
C:\Users\qw0971\OneDrive - Loughborough University\c++\ProjectSem2\Work\Work\Form1.h(1392,96): warning C4244: 'argument': conversion from 'double' to 'float', possible loss of data
C:\Users\qw0971\OneDrive - Loughborough University\c++\ProjectSem2\Work\Work\Form1.h(1392,67): warning C4244: 'argument': conversion from 'double' to 'float', possible loss of data
C:\Users\qw0971\OneDrive - Loughborough University\c++\ProjectSem2\Work\Work\Form1.h(1392,40): warning C4244: 'argument': conversion from 'double' to 'float', possible loss of data
  AssemblyInfo.obj : MSIL module encountered; incremental linking is disabled for MSIL; performing full link
  Work.vcxproj -> C:\Users\qw0971\OneDrive - Loughborough University\c++\ProjectSem2\Work\x64\Debug\Work.exe
